<html>
<body>
<pre>
<h1>µVision Build Log</h1>
<h2>Tool Versions:</h2>
IDE-Version: µVision V5.27.1.0
Copyright (C) 2019 ARM Ltd and ARM Germany GmbH. All rights reserved.
License Information: Grispen Bart, PXL-Tech, LIC=----
 
Tool Versions:
Toolchain:       MDK-Lite  Version: 5.27.1.0
Toolchain Path:  C:\Keil_v5\ARM\ARMCC\Bin
C Compiler:      Armcc.exe V5.06 update 6 (build 750)
Assembler:       Armasm.exe V5.06 update 6 (build 750)
Linker/Locator:  ArmLink.exe V5.06 update 6 (build 750)
Library Manager: ArmAr.exe V5.06 update 6 (build 750)
Hex Converter:   FromElf.exe V5.06 update 6 (build 750)
CPU DLL:         SARMCM3.DLL V5.27.1.0
Dialog DLL:      DCM.DLL V1.17.2.0
Target DLL:      CMSIS_AGDI.dll V1.31.17.0
Dialog DLL:      TCM.DLL V1.36.1.0
 
<h2>Project:</h2>
C:\Users\Bart\Documents\GitHub\DTMF-Coding-Decoding\uKeil_project\decoder\decoder.uvprojx
Project File Date:  05/22/2019

<h2>Output:</h2>
*** Using Compiler 'V5.06 update 6 (build 750)', folder: 'C:\Keil_v5\ARM\ARMCC\Bin'
Rebuild Project 'decoder' - Target 'S6ECC'
compiling main.c...
compiling audio.c...
compiling delay.c...
compiling dstc.c...
compiling gpio.c...
compiling i2c.c...
compiling i2s.c...
assembling startup_s6e2cc.s...
compiling system_s6e2cc.c...
linking...
Program Size: Code=4684 RO-data=608 RW-data=128 ZI-data=8856  
".\Objects\decoder.axf" - 0 Error(s), 0 Warning(s).

<h2>Software Packages used:</h2>

Package Vendor: ARM
                http://www.keil.com/pack/ARM.CMSIS.5.5.1.pack
                ARM.CMSIS.5.5.1
                CMSIS (Cortex Microcontroller Software Interface Standard)
   * Component: CORE Version: 5.2.0
   * Component: DSP Variant: Library Version: 1.6.0

Package Vendor: Keil
                http://www.keil.com/pack/Keil.FM4_DFP.1.5.1.pack
                Keil.FM4_DFP.1.5.1
                Spansion FM4 Series Device Support
   * Component: Startup Version: 1.0.0

<h2>Collection of Component include folders:</h2>
  .\RTE\Device\S6E2CCAJ0A
  .\RTE\_S6ECC
  C:\Users\Bart\AppData\Local\Arm\Packs\ARM\CMSIS\5.5.1\CMSIS\Core\Include
  C:\Users\Bart\AppData\Local\Arm\Packs\ARM\CMSIS\5.5.1\CMSIS\DSP\Include
  C:\Users\Bart\AppData\Local\Arm\Packs\Keil\FM4_DFP\1.5.1\Device\S6E2CC\Include

<h2>Collection of Component Files used:</h2>

   * Component: ARM::CMSIS:CORE:5.2.0

   * Component: ARM::CMSIS:DSP:Library:1.6.0
      Library file:  CMSIS\DSP\Lib\ARM\arm_cortexM4lf_math.lib
      Include file:  CMSIS\DSP\Include\arm_math.h

   * Component: Keil::Device:Startup:1.0.0
      Source file:   Device\S6E2CC\Source\system_s6e2cc.c
      Include file:  Device\S6E2CC\Source\system_s6e2cc.h
      Source file:   Device\S6E2CC\Source\ARM\startup_s6e2cc.s
Build Time Elapsed:  00:01:07
</pre>
</body>
</html>
